// Jest Snapshot v1, https://goo.gl/fbAQLP

exports[`Favorites Favorites Exist and matches snapshot 1`] = `
<Favorites
  favClickHandler={[Function]}
  favorites={
    Array [
      Object {
        "climate": "temperate",
        "name": "Alderaan",
        "population": "2000000000",
        "terrain": "grasslands, mountains",
      },
      Object {
        "homeworld": "planet",
        "name": "Luke Skywalker",
        "population": 1000000,
        "species": Array [
          "human",
        ],
      },
      Object {
        "homeworld": "planet",
        "name": "C-3PO",
        "population": 100000,
        "species": Array [
          "droid",
        ],
      },
    ]
  }
>
  <div
    className="favoriteContainer"
  >
    <Card
      favClickHandler={[Function]}
      data={
        Object {
          "climate": "temperate",
          "name": "Alderaan",
          "population": "2000000000",
          "terrain": "grasslands, mountains",
        }
      }
      key="Alderaan"
    >
      <div
        className="card undefined"
      >
        <h1>
          Alderaan
        </h1>
        <ul>
          <li
            key="function now() { [native code] }0"
          >
            climate: temperate
          </li>
          <li
            key="function now() { [native code] }1"
          >
            terrain: grasslands, mountains
          </li>
          <li
            key="function now() { [native code] }2"
          >
            population: 2000000000
          </li>
        </ul>
        <button
          onClick={[Function]}
        >
          favorite
        </button>
      </div>
    </Card>
    <Card
      favClickHandler={[Function]}
      data={
        Object {
          "homeworld": "planet",
          "name": "Luke Skywalker",
          "population": 1000000,
          "species": Array [
            "human",
          ],
        }
      }
      key="Luke Skywalker"
    >
      <div
        className="card undefined"
      >
        <h1>
          Luke Skywalker
        </h1>
        <ul>
          <li
            key="function now() { [native code] }0"
          >
            homeworld: planet
          </li>
          <li
            key="function now() { [native code] }1"
          >
            population: 1000000
          </li>
          <li
            key="function now() { [native code] }2"
          >
            species: human
          </li>
        </ul>
        <button
          onClick={[Function]}
        >
          favorite
        </button>
      </div>
    </Card>
    <Card
      favClickHandler={[Function]}
      data={
        Object {
          "homeworld": "planet",
          "name": "C-3PO",
          "population": 100000,
          "species": Array [
            "droid",
          ],
        }
      }
      key="C-3PO"
    >
      <div
        className="card undefined"
      >
        <h1>
          C-3PO
        </h1>
        <ul>
          <li
            key="function now() { [native code] }0"
          >
            homeworld: planet
          </li>
          <li
            key="function now() { [native code] }1"
          >
            population: 100000
          </li>
          <li
            key="function now() { [native code] }2"
          >
            species: droid
          </li>
        </ul>
        <button
          onClick={[Function]}
        >
          favorite
        </button>
      </div>
    </Card>
  </div>
</Favorites>
`;
