// Jest Snapshot v1, https://goo.gl/fbAQLP

exports[`App Exist and matches snapshot 1`] = `
<div
  className="app"
>
  <div
    className="header"
  >
    <h1>
      SWapi-box
    </h1>
  </div>
  <Nav
    favCount={0}
  />
  <div
    className="main"
  >
    <Switch>
      <Route
        exact={true}
        path="/"
        render={[Function]}
      />
      <Route
        path="/people"
        render={[Function]}
      />
      <Route
        path="/planets"
        render={[Function]}
      />
      <Route
        path="/vehicles"
        render={[Function]}
      />
      <Route
        path="/favorites"
        render={[Function]}
      />
    </Switch>
  </div>
</div>
`;
